// Vitest Snapshot v1, https://vitest.dev/guide/snapshot.html

exports[`Home page > renders and matches the snapshot 1`] = `
<DocumentFragment>
  <p
    class="MuiTypography-root MuiTypography-body1 css-nnsfc0-MuiTypography-root"
  >
    home
  </p>
</DocumentFragment>
`;
